#-----------------------------------------------------------
# Vivado v2023.2.2 (64-bit)
# SW Build 4126759 on Thu Feb  8 23:53:51 MST 2024
# IP Build 4126054 on Fri Feb  9 11:39:09 MST 2024
# SharedData Build 4115275 on Tue Jan 30 00:40:57 MST 2024
# Start of session at: Tue May 28 12:31:35 2024
# Process ID: 7664
# Current directory: C:/Users/user2/Desktop/PROYECTO FINAL
# Command line: vivado.exe -gui_launcher_event rodinguilauncherevent9604 C:\Users\user2\Desktop\PROYECTO FINAL\PROYECTO FINAL.xpr
# Log file: C:/Users/user2/Desktop/PROYECTO FINAL/vivado.log
# Journal file: C:/Users/user2/Desktop/PROYECTO FINAL\vivado.jou
# Running On: funda16, OS: Windows, CPU Frequency: 2112 MHz, CPU Physical cores: 16, Host memory: 33942 MB
#-----------------------------------------------------------
start_gui
open_project {C:/Users/user2/Desktop/PROYECTO FINAL/PROYECTO FINAL.xpr}
update_compile_order -fileset sources_1
reset_run impl_1 -prev_step 
launch_runs impl_1 -to_step write_bitstream -jobs 12
wait_on_run impl_1
open_hw_manager
connect_hw_server -allow_non_jtag
open_hw_target
set_property PROGRAM.FILE {C:/Users/user2/Desktop/PROYECTO FINAL/PROYECTO FINAL.runs/impl_1/main.bit} [get_hw_devices xc7a35t_0]
current_hw_device [get_hw_devices xc7a35t_0]
refresh_hw_device -update_hw_probes false [lindex [get_hw_devices xc7a35t_0] 0]
set_property PROBES.FILE {} [get_hw_devices xc7a35t_0]
set_property FULL_PROBES.FILE {} [get_hw_devices xc7a35t_0]
set_property PROGRAM.FILE {C:/Users/user2/Desktop/PROYECTO FINAL/PROYECTO FINAL.runs/impl_1/main.bit} [get_hw_devices xc7a35t_0]
program_hw_devices [get_hw_devices xc7a35t_0]
refresh_hw_device [lindex [get_hw_devices xc7a35t_0] 0]
